// Jest Snapshot v1, https://goo.gl/fbAQLP

exports[`[Function: hello] should return the expected response 1`] = `
Object {
  "body": "{\\"message\\":\\"Go Serverless v1.0! Your function executed successfully!\\",\\"version\\":\\"v14.15.4\\"}",
  "statusCode": 200,
}
`;
